------------------------------------------------------------
Timing Analyzer Summary
------------------------------------------------------------

Type  : Slow 1200mV 85C Model Setup 'socorcpu'
Slack : -22.742
TNS   : -21009.301

Type  : Slow 1200mV 85C Model Setup 'load'
Slack : -22.386
TNS   : -20601.067

Type  : Slow 1200mV 85C Model Setup 'clk'
Slack : -7.700
TNS   : -372.753

Type  : Slow 1200mV 85C Model Hold 'socorcpu'
Slack : -1.709
TNS   : -86.484

Type  : Slow 1200mV 85C Model Hold 'load'
Slack : -1.264
TNS   : -23.356

Type  : Slow 1200mV 85C Model Hold 'clk'
Slack : -1.154
TNS   : -7.608

Type  : Slow 1200mV 85C Model Minimum Pulse Width 'clk'
Slack : -3.201
TNS   : -270.827

Type  : Slow 1200mV 85C Model Minimum Pulse Width 'load'
Slack : -2.186
TNS   : -8.684

Type  : Slow 1200mV 85C Model Minimum Pulse Width 'socorcpu'
Slack : 0.054
TNS   : 0.000

Type  : Slow 1200mV 0C Model Setup 'socorcpu'
Slack : -21.452
TNS   : -19798.303

Type  : Slow 1200mV 0C Model Setup 'load'
Slack : -21.112
TNS   : -19408.460

Type  : Slow 1200mV 0C Model Setup 'clk'
Slack : -7.235
TNS   : -341.409

Type  : Slow 1200mV 0C Model Hold 'socorcpu'
Slack : -1.540
TNS   : -72.209

Type  : Slow 1200mV 0C Model Hold 'load'
Slack : -1.148
TNS   : -20.121

Type  : Slow 1200mV 0C Model Hold 'clk'
Slack : -1.075
TNS   : -7.129

Type  : Slow 1200mV 0C Model Minimum Pulse Width 'clk'
Slack : -3.201
TNS   : -274.302

Type  : Slow 1200mV 0C Model Minimum Pulse Width 'load'
Slack : -2.062
TNS   : -27.192

Type  : Slow 1200mV 0C Model Minimum Pulse Width 'socorcpu'
Slack : -0.280
TNS   : -82.211

Type  : Fast 1200mV 0C Model Setup 'socorcpu'
Slack : -9.924
TNS   : -9091.374

Type  : Fast 1200mV 0C Model Setup 'load'
Slack : -9.788
TNS   : -8935.815

Type  : Fast 1200mV 0C Model Setup 'clk'
Slack : -3.121
TNS   : -120.923

Type  : Fast 1200mV 0C Model Hold 'socorcpu'
Slack : -0.678
TNS   : -15.650

Type  : Fast 1200mV 0C Model Hold 'clk'
Slack : -0.640
TNS   : -5.298

Type  : Fast 1200mV 0C Model Hold 'load'
Slack : -0.480
TNS   : -3.306

Type  : Fast 1200mV 0C Model Minimum Pulse Width 'clk'
Slack : -3.000
TNS   : -93.192

Type  : Fast 1200mV 0C Model Minimum Pulse Width 'load'
Slack : -0.667
TNS   : -2.458

Type  : Fast 1200mV 0C Model Minimum Pulse Width 'socorcpu'
Slack : 0.062
TNS   : 0.000

------------------------------------------------------------
